// Jest Snapshot v1, https://goo.gl/fbAQLP

exports[`redirectToOrgHome Rendered body HTML matches snapshot 1`] = `
"
      <div class=\\"center g-signin2 hidden\\" data-onsuccess=\\"onSignIn\\" data-theme=\\"dark\\" data-longtitle=\\"true\\" data-height=\\"50\\" data-width=\\"300\\"></div>
      <div class=\\"row redirect-row\\"></div>
    "
`;

exports[`showSignUpForm Rendered body HTML matches snapshot 1`] = `
"
      <div class=\\"center g-signin2 hidden\\" data-onsuccess=\\"onSignIn\\" data-theme=\\"dark\\" data-longtitle=\\"true\\" data-height=\\"50\\" data-width=\\"300\\"></div>
      <div class=\\"row signup-row\\">
        <form action=\\"/org/signup\\" method=\\"post\\" id=\\"signup-form\\">
          <input class=\\"form-control\\" id=\\"orgName\\" name=\\"orgName\\" type=\\"text\\" maxlength=\\"120\\" required=\\"required\\">
          <input class=\\"form-control\\" id=\\"url\\" name=\\"url\\" type=\\"text\\" maxlength=\\"200\\" required=\\"required\\">
          <input class=\\"form-control\\" id=\\"contactName\\" name=\\"contactName\\" type=\\"text\\" maxlength=\\"120\\" required=\\"required\\">
          <input class=\\"form-control\\" id=\\"email\\" name=\\"email\\" type=\\"text\\" maxlength=\\"200\\" required=\\"required\\">
          <input type=\\"hidden\\" id=\\"token\\" name=\\"token\\">
        </form>
      </div>
    "
`;
